***************************************************************
Report        : report_timing
Design        : RISCV_PIPELINE
Scenario      : setup
Analysis Type : Max
***************************************************************

Startpoint: u_if/u_pc_reg[31]/Q
Endpoint:   u_id/u_instr_reg[31]/D
Path Group: SYS_CLK
Path Type : max

---------------------------------------------------------------
Point                                   Incr(ns)      Path(ns)
---------------------------------------------------------------
clock network delay                       0.180         0.180
u_if/u_pc_reg[31]/Q                       0.120         0.300
instruction_memory                        3.120         3.420
routing_delay                             6.495         9.915

Data Arrival Time                                      9.915
Data Required Time                                    10.170

Slack (MET)                                            0.255


==================================================================

Startpoint: u_id/u_instr_reg[20]/Q
Endpoint:   u_ex/u_imm_reg[20]/D
Path Group: SYS_CLK
Path Type : max

---------------------------------------------------------------
Point                                   Incr(ns)      Path(ns)
---------------------------------------------------------------
clock network delay                       0.180         0.180
u_id/u_instr_reg[20]/Q                    0.130         0.310
instruction_decode                        1.250         1.560
imm_generator                             3.980         5.540
routing_delay                             4.930        10.470

Data Arrival Time                                     10.470
Data Required Time                                    10.170

Slack (VIOLATED)                                      -0.300


==================================================================

Startpoint: u_id/u_instr_reg[31]/Q
Endpoint:   u_ex/u_signext_reg[31]/D
Path Group: SYS_CLK
Path Type : max

---------------------------------------------------------------
Point                                   Incr(ns)      Path(ns)
---------------------------------------------------------------
clock network delay                       0.180         0.180
u_id/u_instr_reg[31]/Q                    0.140         0.320
instruction_decode                        1.480         1.800
sign_extend                               3.700         5.500
routing_delay                             4.920        10.420

Data Arrival Time                                     10.420
Data Required Time                                    10.170

Slack (VIOLATED)                                      -0.250